
Discarded input sections

 .group         0x00000000        0xc startup_file.o
 .group         0x00000000        0xc startup_file.o
 .group         0x00000000        0xc startup_file.o
 .group         0x00000000        0xc startup_file.o
 .group         0x00000000        0xc startup_file.o
 .group         0x00000000        0xc startup_file.o
 .group         0x00000000        0xc startup_file.o
 .group         0x00000000        0xc startup_file.o
 .group         0x00000000        0xc main.o
 .group         0x00000000        0xc main.o
 .group         0x00000000        0xc main.o
 .group         0x00000000        0xc main.o
 .group         0x00000000        0xc main.o
 .group         0x00000000        0xc main.o
 .group         0x00000000        0xc main.o
 .group         0x00000000        0xc main.o
 .group         0x00000000        0xc main.o
 .debug_macro   0x00000000      0xacc main.o
 .debug_macro   0x00000000      0x34e main.o
 .debug_macro   0x00000000       0x28 main.o
 .debug_macro   0x00000000       0x3b main.o
 .debug_macro   0x00000000       0x50 main.o
 .debug_macro   0x00000000      0xe66 main.o
 .debug_macro   0x00000000    0x19d7b main.o
 .group         0x00000000        0xc drivers/gpio.o
 .group         0x00000000        0xc drivers/gpio.o
 .group         0x00000000        0xc drivers/gpio.o
 .group         0x00000000        0xc drivers/gpio.o
 .group         0x00000000        0xc drivers/gpio.o
 .group         0x00000000        0xc drivers/gpio.o
 .group         0x00000000        0xc drivers/gpio.o
 .group         0x00000000        0xc drivers/gpio.o
 .group         0x00000000        0xc drivers/gpio.o
 .group         0x00000000        0xc drivers/gpio.o
 .debug_macro   0x00000000      0xacc drivers/gpio.o
 .debug_macro   0x00000000      0x34e drivers/gpio.o
 .debug_macro   0x00000000       0x28 drivers/gpio.o
 .debug_macro   0x00000000       0x3b drivers/gpio.o
 .debug_macro   0x00000000       0x50 drivers/gpio.o
 .debug_macro   0x00000000      0xe66 drivers/gpio.o
 .debug_macro   0x00000000    0x19d7b drivers/gpio.o
 .group         0x00000000        0xc drivers/Timer.o
 .group         0x00000000        0xc drivers/Timer.o
 .group         0x00000000        0xc drivers/Timer.o
 .group         0x00000000        0xc drivers/Timer.o
 .group         0x00000000        0xc drivers/Timer.o
 .group         0x00000000        0xc drivers/Timer.o
 .group         0x00000000        0xc drivers/Timer.o
 .group         0x00000000        0xc drivers/Timer.o
 .group         0x00000000        0xc drivers/Timer.o
 .group         0x00000000        0xc drivers/Timer.o
 .group         0x00000000        0xc drivers/Timer.o
 .debug_macro   0x00000000      0xacc drivers/Timer.o
 .debug_macro   0x00000000      0x34e drivers/Timer.o
 .debug_macro   0x00000000      0x190 drivers/Timer.o
 .debug_macro   0x00000000       0x2e drivers/Timer.o
 .debug_macro   0x00000000       0x28 drivers/Timer.o
 .debug_macro   0x00000000       0x3b drivers/Timer.o
 .debug_macro   0x00000000       0x50 drivers/Timer.o
 .debug_macro   0x00000000      0xe66 drivers/Timer.o
 .debug_macro   0x00000000    0x19d7b drivers/Timer.o
 .debug_macro   0x00000000       0x43 drivers/Timer.o
 .group         0x00000000        0xc firmware/led_service.o
 .group         0x00000000        0xc firmware/led_service.o
 .group         0x00000000        0xc firmware/led_service.o
 .debug_macro   0x00000000      0xacc firmware/led_service.o
 .debug_macro   0x00000000       0x1c firmware/led_service.o
 .debug_macro   0x00000000      0x34e firmware/led_service.o
 .group         0x00000000        0xc firmware/timer_service.o
 .group         0x00000000        0xc firmware/timer_service.o
 .group         0x00000000        0xc firmware/timer_service.o
 .debug_macro   0x00000000      0xacc firmware/timer_service.o
 .debug_macro   0x00000000      0x34e firmware/timer_service.o
 .debug_macro   0x00000000      0x190 firmware/timer_service.o

Memory Configuration

Name             Origin             Length             Attributes
flash            0x08000000         0x00100000         xr
sram1            0x20000000         0x00018000         xw
sram2            0x10000000         0x00008000         xw
*default*        0x00000000         0xffffffff

Linker script and memory map

LOAD startup_file.o
LOAD main.o
LOAD drivers/gpio.o
LOAD drivers/Timer.o
LOAD firmware/led_service.o
LOAD firmware/timer_service.o
LOAD bootloader.o
                0x10008000                        _stack = (ORIGIN (sram2) + LENGTH (sram2))

.isr_vector     0x08000000      0x180
 *(.isr_vector)
 .isr_vector    0x08000000      0x180 startup_file.o
                0x08000000                vectors

.text_crt0      0x08000180      0x334
 *(.text_crt0)
 .text_crt0     0x08000180      0x324 startup_file.o
                0x0800019e                Reset_handler
                0x080001e0                default_handler
                0x080001e2                NonMaskableInt_Handler
                0x080001ea                HardFault_Handler
                0x080001f2                MemoryManagement_Handler
                0x080001fa                BusFault_Handler
                0x08000202                UsageFault_Handler
                0x0800020a                SVCall_Handler
                0x08000212                PendSV_Handler
                0x08000222                WWDG_Handler
                0x0800022a                PVD_PVM_Handler
                0x08000232                TAMP_STAMP_Handler
                0x0800023a                RTC_WKUP_Handler
                0x08000242                FLASH_Handler
                0x0800024a                RCC_Handler
                0x08000252                EXTI0_Handler
                0x0800025a                EXTI1_Handler
                0x08000262                EXTI2_Handler
                0x0800026a                EXTI3_Handler
                0x08000272                EXTI4_Handler
                0x0800027a                DMA1_Channel1_Handler
                0x08000282                DMA1_Channel2_Handler
                0x0800028a                DMA1_Channel3_Handler
                0x08000292                DMA1_Channel4_Handler
                0x0800029a                DMA1_Channel5_Handler
                0x080002a2                DMA1_Channel6_Handler
                0x080002aa                DMA1_Channel7_Handler
                0x080002b2                ADC1_2_Handler
                0x080002ba                CAN1_TX_Handler
                0x080002c2                CAN1_RX0_Handler
                0x080002ca                CAN1_RX1_Handler
                0x080002d2                CAN1_SCE_Handler
                0x080002da                EXTI9_5_Handler
                0x080002e2                IM1_BRK_TIM15_Handler
                0x080002ea                TIM1_UP_TIM16_Handler
                0x080002f2                TRG_COM_TIM17_Handler
                0x080002fa                TIM1_CC_Handler
                0x08000302                TIM2_Handler
                0x0800030a                TIM3_Handler
                0x08000312                TIM4_Handler
                0x0800031a                I2C1_EV_Handler
                0x08000322                I2C1_ER_Handler
                0x0800032a                I2C2_EV_Handler
                0x08000332                I2C2_ER_Handler
                0x0800033a                SPI1_Handler
                0x08000342                SPI2_Handler
                0x0800034a                USART1_Handler
                0x08000352                USART2_Handler
                0x0800035a                USART3_Handler
                0x08000362                EXTI15_10_Handler
                0x0800036a                RTC_Alarm_Handler
                0x08000372                DFSDM1_FLT3_Handler
                0x0800037a                TIM8_BRK_Handler
                0x08000382                TIM8_UP_Handler
                0x0800038a                TIM8_TRG_COM_Handler
                0x08000392                TIM8_CC_Handler
                0x0800039a                ADC3_Handler
                0x080003a2                FMC_Handler
                0x080003aa                SDMMC1_Handler
                0x080003b2                TIM5_Handler
                0x080003ba                SPI3_Handler
                0x080003c2                UART4_Handler
                0x080003ca                UART5_Handler
                0x080003d2                TIM6_DAC_Handler
                0x080003da                TIM7_Handler
                0x080003e2                DMA2_Channel1_Handler
                0x080003ea                DMA2_Channel2_Handler
                0x080003f2                DMA2_Channel3_Handler
                0x080003fa                DMA2_Channel4_Handler
                0x08000402                DMA2_Channel5_Handler
                0x0800040a                DFSDM1_FLT0_Handler
                0x08000412                DFSDM1_FLT1_Handler
                0x0800041a                DFSDM1_FLT2_Handler
                0x08000422                COMP_Handler
                0x0800042a                LPTIM1_Handler
                0x08000432                LPTIM2_Handler
                0x0800043a                OTG_FS_Handler
                0x08000442                DMA2_Channel6_Handler
                0x0800044a                DMA2_Channel7_Handler
                0x08000452                LPUART1_Handler
                0x0800045a                QUADSPI_Handler
                0x08000462                I2C3_EV_Handler
                0x0800046a                I2C3_ER_Handler
                0x08000472                SAI1_Handler
                0x0800047a                SAI2_Handler
                0x08000482                SWPMI1_Handler
                0x0800048a                TSC_Handler
                0x08000492                RNG_Handler
                0x0800049a                FPU_Handler
 .text_crt0     0x080004a4       0x10 bootloader.o
                0x080004a4                _start
 *(.text_crt0*)

.text           0x20000000      0x2a4 load address 0x080004b4
                0x20000000                        . = ALIGN (0x4)
                0x20000000                        _stext = .
 *(.text)
 .text          0x20000000        0x0 startup_file.o
 .text          0x20000000       0x98 main.o
                0x20000000                main
 .text          0x20000098      0x120 drivers/gpio.o
                0x20000098                GPIO_int
                0x20000134                GPIO_LD1_ON
                0x20000142                GPIO_LD1_OFF
                0x20000158                GPIO_LD2_ON
                0x20000170                GPIO_LD2_OFF
                0x20000188                GPIO_LD8_ON
                0x200001a0                GPIO_LD8_OFF
 .text          0x200001b8       0x60 drivers/Timer.o
                0x200001b8                timer_init
                0x20000200                timer_get_counter
                0x20000208                SysTick_Handler
 .text          0x20000218       0x40 firmware/led_service.o
                0x20000218                LED_TurnOn
                0x20000238                LED_TurnOff
 .text          0x20000258       0x4c firmware/timer_service.o
                0x20000258                timer_init_serv
                0x20000274                timer_reset_serv
                0x20000282                timer_expired_serv
 .text          0x200002a4        0x0 bootloader.o
 *(.text*)
                0x200002a4                        . = ALIGN (0x4)
                0x200002a4                        _etext = .
                0x080004b4                        _ld_stext = LOADADDR (.text)

.glue_7         0x200002a4        0x0 load address 0x08000758
 .glue_7        0x200002a4        0x0 linker stubs

.glue_7t        0x200002a4        0x0 load address 0x08000758
 .glue_7t       0x200002a4        0x0 linker stubs

.vfp11_veneer   0x200002a4        0x0 load address 0x08000758
 .vfp11_veneer  0x200002a4        0x0 linker stubs

.v4_bx          0x200002a4        0x0 load address 0x08000758
 .v4_bx         0x200002a4        0x0 linker stubs

.iplt           0x200002a4        0x0 load address 0x08000758
 .iplt          0x200002a4        0x0 startup_file.o

.rel.dyn        0x200002a4        0x0 load address 0x08000758
 .rel.iplt      0x200002a4        0x0 startup_file.o

.rodata         0x08000758        0x0
                0x08000758                        . = ALIGN (0x4)
 *(.rodata)
 *(.rodata*)
                0x08000758                        . = ALIGN (0x4)

.data           0x200002a4        0x0 load address 0x08000758
                0x200002a4                        . = ALIGN (0x4)
                0x200002a4                        _sdata = .
 *(.data)
 .data          0x200002a4        0x0 startup_file.o
 .data          0x200002a4        0x0 main.o
 .data          0x200002a4        0x0 drivers/gpio.o
 .data          0x200002a4        0x0 drivers/Timer.o
 .data          0x200002a4        0x0 firmware/led_service.o
 .data          0x200002a4        0x0 firmware/timer_service.o
 .data          0x200002a4        0x0 bootloader.o
 *(.data*)
                0x200002a4                        . = ALIGN (0x4)
                0x200002a4                        _edata = .
                0x08000758                        _ld_sdata = LOADADDR (.data)

.igot.plt       0x200002a4        0x0 load address 0x08000758
 .igot.plt      0x200002a4        0x0 startup_file.o

.bss            0x200002a4       0x10 load address 0x08000758
                0x200002a4                        . = ALIGN (0x4)
                0x200002a4                        _sbss = .
 *(.bss)
 .bss           0x200002a4        0x0 startup_file.o
 .bss           0x200002a4        0x0 main.o
 .bss           0x200002a4        0x0 drivers/gpio.o
 .bss           0x200002a4        0x4 drivers/Timer.o
                0x200002a4                GlobalSystick
 .bss           0x200002a8        0x0 firmware/led_service.o
 .bss           0x200002a8        0xc firmware/timer_service.o
                0x200002a8                oTimer
 .bss           0x200002b4        0x0 bootloader.o
 *(.bss*)
 *(COMMON)
                0x200002b4                        . = ALIGN (0x4)
                0x200002b4                        _ebss = .
OUTPUT(test.elf elf32-littlearm)
LOAD linker stubs

.debug_info     0x00000000     0x20d4
 .debug_info    0x00000000     0x132d startup_file.o
 .debug_info    0x0000132d      0x268 main.o
 .debug_info    0x00001595      0x395 drivers/gpio.o
 .debug_info    0x0000192a      0x4c9 drivers/Timer.o
 .debug_info    0x00001df3      0x13f firmware/led_service.o
 .debug_info    0x00001f32      0x17c firmware/timer_service.o
 .debug_info    0x000020ae       0x26 bootloader.o

.debug_abbrev   0x00000000      0x67b
 .debug_abbrev  0x00000000      0x15b startup_file.o
 .debug_abbrev  0x0000015b      0x11f main.o
 .debug_abbrev  0x0000027a       0xe3 drivers/gpio.o
 .debug_abbrev  0x0000035d      0x146 drivers/Timer.o
 .debug_abbrev  0x000004a3       0xa9 firmware/led_service.o
 .debug_abbrev  0x0000054c      0x11b firmware/timer_service.o
 .debug_abbrev  0x00000667       0x14 bootloader.o

.debug_loclists
                0x00000000      0x293
 .debug_loclists
                0x00000000       0x63 startup_file.o
 .debug_loclists
                0x00000063       0x5d main.o
 .debug_loclists
                0x000000c0      0x124 firmware/led_service.o
 .debug_loclists
                0x000001e4       0xaf firmware/timer_service.o

.debug_aranges  0x00000000      0x3b8
 .debug_aranges
                0x00000000      0x2f8 startup_file.o
 .debug_aranges
                0x000002f8       0x20 main.o
 .debug_aranges
                0x00000318       0x20 drivers/gpio.o
 .debug_aranges
                0x00000338       0x20 drivers/Timer.o
 .debug_aranges
                0x00000358       0x20 firmware/led_service.o
 .debug_aranges
                0x00000378       0x20 firmware/timer_service.o
 .debug_aranges
                0x00000398       0x20 bootloader.o

.debug_rnglists
                0x00000000      0x235
 .debug_rnglists
                0x00000000      0x235 startup_file.o

.debug_macro    0x00000000    0x1bfa4
 .debug_macro   0x00000000       0x7b startup_file.o
 .debug_macro   0x0000007b      0xacc startup_file.o
 .debug_macro   0x00000b47      0x34e startup_file.o
 .debug_macro   0x00000e95       0x28 startup_file.o
 .debug_macro   0x00000ebd       0x3b startup_file.o
 .debug_macro   0x00000ef8       0x50 startup_file.o
 .debug_macro   0x00000f48      0xe66 startup_file.o
 .debug_macro   0x00001dae    0x19d7b startup_file.o
 .debug_macro   0x0001bb29        0xf startup_file.o
 .debug_macro   0x0001bb38       0x92 main.o
 .debug_macro   0x0001bbca       0x1c main.o
 .debug_macro   0x0001bbe6       0x16 main.o
 .debug_macro   0x0001bbfc       0x9a drivers/gpio.o
 .debug_macro   0x0001bc96      0x190 drivers/gpio.o
 .debug_macro   0x0001be26       0x2e drivers/gpio.o
 .debug_macro   0x0001be54       0x43 drivers/gpio.o
 .debug_macro   0x0001be97       0xa3 drivers/Timer.o
 .debug_macro   0x0001bf3a       0x10 drivers/Timer.o
 .debug_macro   0x0001bf4a       0x2d firmware/led_service.o
 .debug_macro   0x0001bf77       0x2d firmware/timer_service.o

.debug_line     0x00000000     0x125b
 .debug_line    0x00000000      0x93e startup_file.o
 .debug_line    0x0000093e      0x210 main.o
 .debug_line    0x00000b4e      0x2b2 drivers/gpio.o
 .debug_line    0x00000e00      0x1d0 drivers/Timer.o
 .debug_line    0x00000fd0       0xe6 firmware/led_service.o
 .debug_line    0x000010b6      0x16a firmware/timer_service.o
 .debug_line    0x00001220       0x3b bootloader.o

.debug_str      0x00000000    0x9c061
 .debug_str     0x00000000    0x9c061 startup_file.o
                              0x9b6fb (size before relaxing)
 .debug_str     0x0009c061    0x9b162 main.o
 .debug_str     0x0009c061    0x9b85e drivers/gpio.o
 .debug_str     0x0009c061    0x9b92e drivers/Timer.o
 .debug_str     0x0009c061     0x396f firmware/led_service.o
 .debug_str     0x0009c061     0x3c88 firmware/timer_service.o
 .debug_str     0x0009c061       0x37 bootloader.o

.comment        0x00000000       0x26
 .comment       0x00000000       0x26 startup_file.o
                                 0x27 (size before relaxing)
 .comment       0x00000026       0x27 main.o
 .comment       0x00000026       0x27 drivers/gpio.o
 .comment       0x00000026       0x27 drivers/Timer.o
 .comment       0x00000026       0x27 firmware/led_service.o
 .comment       0x00000026       0x27 firmware/timer_service.o

.ARM.attributes
                0x00000000       0x32
 .ARM.attributes
                0x00000000       0x34 startup_file.o
 .ARM.attributes
                0x00000034       0x34 main.o
 .ARM.attributes
                0x00000068       0x34 drivers/gpio.o
 .ARM.attributes
                0x0000009c       0x34 drivers/Timer.o
 .ARM.attributes
                0x000000d0       0x34 firmware/led_service.o
 .ARM.attributes
                0x00000104       0x34 firmware/timer_service.o
 .ARM.attributes
                0x00000138       0x25 bootloader.o

.debug_frame    0x00000000      0xa00
 .debug_frame   0x00000000      0x898 startup_file.o
 .debug_frame   0x00000898       0x28 main.o
 .debug_frame   0x000008c0       0x80 drivers/gpio.o
 .debug_frame   0x00000940       0x40 drivers/Timer.o
 .debug_frame   0x00000980       0x40 firmware/led_service.o
 .debug_frame   0x000009c0       0x40 firmware/timer_service.o
