
Discarded input sections

 .group         0x00000000        0xc startup_file.o
 .group         0x00000000        0xc startup_file.o
 .group         0x00000000        0xc startup_file.o
 .group         0x00000000        0xc startup_file.o
 .group         0x00000000        0xc startup_file.o
 .group         0x00000000        0xc startup_file.o
 .group         0x00000000        0xc startup_file.o
 .group         0x00000000        0xc startup_file.o
 .group         0x00000000        0xc main.o
 .group         0x00000000        0xc main.o
 .group         0x00000000        0xc main.o
 .debug_macro   0x00000000      0xac6 main.o
 .debug_macro   0x00000000      0x34e main.o
 .debug_macro   0x00000000        0xf main.o
 .group         0x00000000        0xc pripherique_config.o
 .group         0x00000000        0xc pripherique_config.o
 .debug_macro   0x00000000      0xac6 pripherique_config.o
 .debug_macro   0x00000000      0x34e pripherique_config.o
 .group         0x00000000        0xc button_configuration.o
 .group         0x00000000        0xc button_configuration.o
 .group         0x00000000        0xc button_configuration.o
 .group         0x00000000        0xc button_configuration.o
 .group         0x00000000        0xc button_configuration.o
 .group         0x00000000        0xc button_configuration.o
 .group         0x00000000        0xc button_configuration.o
 .debug_macro   0x00000000      0xac6 button_configuration.o
 .debug_macro   0x00000000      0x34e button_configuration.o
 .debug_macro   0x00000000       0x28 button_configuration.o
 .debug_macro   0x00000000       0x3b button_configuration.o
 .debug_macro   0x00000000       0x50 button_configuration.o
 .debug_macro   0x00000000      0xe66 button_configuration.o
 .debug_macro   0x00000000    0x19d7b button_configuration.o

Memory Configuration

Name             Origin             Length             Attributes
flash            0x08000000         0x00100000         xr
sram1            0x20000000         0x00018000         xw
sram2            0x10000000         0x00008000         xw
*default*        0x00000000         0xffffffff

Linker script and memory map

LOAD bootloader.o
LOAD startup_file.o
LOAD main.o
LOAD pripherique_config.o
LOAD button_configuration.o
                0x10008000                        _stack = (ORIGIN (sram2) + LENGTH (sram2))

.isr_vector     0x08000000      0x180
 *(.isr_vector)
 .isr_vector    0x08000000      0x180 startup_file.o
                0x08000000                vectors

.text_crt0      0x08000180      0x334
 *(.text_crt0)
 .text_crt0     0x08000180       0x10 bootloader.o
                0x08000180                _start
 .text_crt0     0x08000190      0x324 startup_file.o
                0x080001ae                Reset_handler
                0x080001f0                default_handler
                0x080001f2                NonMaskableInt_Handler
                0x080001fa                HardFault_Handler
                0x08000202                MemoryManagement_Handler
                0x0800020a                BusFault_Handler
                0x08000212                UsageFault_Handler
                0x0800021a                SVCall_Handler
                0x08000222                PendSV_Handler
                0x0800022a                SysTick_Handler
                0x08000232                WWDG_Handler
                0x0800023a                PVD_PVM_Handler
                0x08000242                TAMP_STAMP_Handler
                0x0800024a                RTC_WKUP_Handler
                0x08000252                FLASH_Handler
                0x0800025a                RCC_Handler
                0x08000262                EXTI0_Handler
                0x0800026a                EXTI1_Handler
                0x08000272                EXTI2_Handler
                0x0800027a                EXTI3_Handler
                0x08000282                EXTI4_Handler
                0x0800028a                DMA1_Channel1_Handler
                0x08000292                DMA1_Channel2_Handler
                0x0800029a                DMA1_Channel3_Handler
                0x080002a2                DMA1_Channel4_Handler
                0x080002aa                DMA1_Channel5_Handler
                0x080002b2                DMA1_Channel6_Handler
                0x080002ba                DMA1_Channel7_Handler
                0x080002c2                ADC1_2_Handler
                0x080002ca                CAN1_TX_Handler
                0x080002d2                CAN1_RX0_Handler
                0x080002da                CAN1_RX1_Handler
                0x080002e2                CAN1_SCE_Handler
                0x080002ea                EXTI9_5_Handler
                0x080002f2                IM1_BRK_TIM15_Handler
                0x080002fa                TIM1_UP_TIM16_Handler
                0x08000302                TRG_COM_TIM17_Handler
                0x0800030a                TIM1_CC_Handler
                0x08000312                TIM2_Handler
                0x0800031a                TIM3_Handler
                0x08000322                TIM4_Handler
                0x0800032a                I2C1_EV_Handler
                0x08000332                I2C1_ER_Handler
                0x0800033a                I2C2_EV_Handler
                0x08000342                I2C2_ER_Handler
                0x0800034a                SPI1_Handler
                0x08000352                SPI2_Handler
                0x0800035a                USART1_Handler
                0x08000362                USART2_Handler
                0x0800036a                USART3_Handler
                0x0800037a                RTC_Alarm_Handler
                0x08000382                DFSDM1_FLT3_Handler
                0x0800038a                TIM8_BRK_Handler
                0x08000392                TIM8_UP_Handler
                0x0800039a                TIM8_TRG_COM_Handler
                0x080003a2                TIM8_CC_Handler
                0x080003aa                ADC3_Handler
                0x080003b2                FMC_Handler
                0x080003ba                SDMMC1_Handler
                0x080003c2                TIM5_Handler
                0x080003ca                SPI3_Handler
                0x080003d2                UART4_Handler
                0x080003da                UART5_Handler
                0x080003e2                TIM6_DAC_Handler
                0x080003ea                TIM7_Handler
                0x080003f2                DMA2_Channel1_Handler
                0x080003fa                DMA2_Channel2_Handler
                0x08000402                DMA2_Channel3_Handler
                0x0800040a                DMA2_Channel4_Handler
                0x08000412                DMA2_Channel5_Handler
                0x0800041a                DFSDM1_FLT0_Handler
                0x08000422                DFSDM1_FLT1_Handler
                0x0800042a                DFSDM1_FLT2_Handler
                0x08000432                COMP_Handler
                0x0800043a                LPTIM1_Handler
                0x08000442                LPTIM2_Handler
                0x0800044a                OTG_FS_Handler
                0x08000452                DMA2_Channel6_Handler
                0x0800045a                DMA2_Channel7_Handler
                0x08000462                LPUART1_Handler
                0x0800046a                QUADSPI_Handler
                0x08000472                I2C3_EV_Handler
                0x0800047a                I2C3_ER_Handler
                0x08000482                SAI1_Handler
                0x0800048a                SAI2_Handler
                0x08000492                SWPMI1_Handler
                0x0800049a                TSC_Handler
                0x080004a2                RNG_Handler
                0x080004aa                FPU_Handler
 *(.text_crt0*)

.text           0x20000000      0x15c load address 0x080004b4
                0x20000000                        . = ALIGN (0x4)
                0x20000000                        _stext = .
 *(.text)
 .text          0x20000000        0x0 bootloader.o
 .text          0x20000000        0x0 startup_file.o
 .text          0x20000000        0xc main.o
                0x20000000                main
 .text          0x2000000c       0xac pripherique_config.o
                0x2000000c                initialisation
                0x20000038                led
                0x2000009c                allume
                0x200000aa                eteint
 .text          0x200000b8       0xa4 button_configuration.o
                0x200000b8                int_button
                0x2000012c                EXTI15_10_Handler
 *(.text*)
                0x2000015c                        . = ALIGN (0x4)
                0x2000015c                        _etext = .
                0x080004b4                        _ld_stext = LOADADDR (.text)

.glue_7         0x2000015c        0x0 load address 0x08000610
 .glue_7        0x2000015c        0x0 linker stubs

.glue_7t        0x2000015c        0x0 load address 0x08000610
 .glue_7t       0x2000015c        0x0 linker stubs

.vfp11_veneer   0x2000015c        0x0 load address 0x08000610
 .vfp11_veneer  0x2000015c        0x0 linker stubs

.v4_bx          0x2000015c        0x0 load address 0x08000610
 .v4_bx         0x2000015c        0x0 linker stubs

.iplt           0x2000015c        0x0 load address 0x08000610
 .iplt          0x2000015c        0x0 bootloader.o

.rodata         0x08000610       0x58
                0x08000610                        . = ALIGN (0x4)
 *(.rodata)
 .rodata        0x08000610       0x2c pripherique_config.o
                0x08000610                GPIO_ODR_BY
                0x08000614                GPIO_ODR
                0x08000618                GPIO_OTYPE_BY
                0x0800061c                GPIO_BSRR_BY
                0x08000620                GPIO_BSRR
                0x08000624                GPIO_MODER_BY
                0x08000628                GPIO_MODER_GREEN
                0x0800062c                GPIO_PUPD_BY
                0x08000630                RCC_CR
                0x08000634                RCC_RST
                0x08000638                RCC_EN
 .rodata        0x0800063c       0x2c button_configuration.o
                0x0800063c                EXTI_NVIC
                0x08000640                EXTI_PEN
                0x08000644                EXTI_FTSR1
                0x08000648                EXTI_RTS
                0x0800064c                EXTI_IMR
                0x08000650                SYSCFG_
                0x08000654                PUPD_BUT
                0x08000658                GPIOC_IDR
                0x0800065c                MODER_BUT
                0x08000660                RCC_APB2_EN
                0x08000664                RCC_BUT_EN
 *(.rodata*)
                0x08000668                        . = ALIGN (0x4)

.rel.dyn        0x08000668        0x0
 .rel.iplt      0x08000668        0x0 bootloader.o

.data           0x2000015c        0x4 load address 0x08000668
                0x2000015c                        . = ALIGN (0x4)
                0x2000015c                        _sdata = .
 *(.data)
 .data          0x2000015c        0x0 bootloader.o
 .data          0x2000015c        0x0 startup_file.o
 .data          0x2000015c        0x4 main.o
                0x2000015c                i
 .data          0x20000160        0x0 pripherique_config.o
 .data          0x20000160        0x0 button_configuration.o
 *(.data*)
                0x20000160                        . = ALIGN (0x4)
                0x20000160                        _edata = .
                0x08000668                        _ld_sdata = LOADADDR (.data)

.igot.plt       0x20000160        0x0 load address 0x0800066c
 .igot.plt      0x20000160        0x0 bootloader.o

.bss            0x20000160        0x0 load address 0x0800066c
                0x20000160                        . = ALIGN (0x4)
                0x20000160                        _sbss = .
 *(.bss)
 .bss           0x20000160        0x0 bootloader.o
 .bss           0x20000160        0x0 startup_file.o
 .bss           0x20000160        0x0 main.o
 .bss           0x20000160        0x0 pripherique_config.o
 .bss           0x20000160        0x0 button_configuration.o
 *(.bss*)
 *(COMMON)
                0x20000160                        . = ALIGN (0x4)
                0x20000160                        _ebss = .
OUTPUT(test.elf elf32-littlearm)
LOAD linker stubs

.ARM.attributes
                0x00000000       0x35
 .ARM.attributes
                0x00000000       0x21 bootloader.o
 .ARM.attributes
                0x00000021       0x34 startup_file.o
 .ARM.attributes
                0x00000055       0x34 main.o
 .ARM.attributes
                0x00000089       0x34 pripherique_config.o
 .ARM.attributes
                0x000000bd       0x34 button_configuration.o

.comment        0x00000000       0x26
 .comment       0x00000000       0x26 startup_file.o
                                 0x27 (size before relaxing)
 .comment       0x00000026       0x27 main.o
 .comment       0x00000026       0x27 pripherique_config.o
 .comment       0x00000026       0x27 button_configuration.o

.debug_line     0x00000000      0xd66
 .debug_line    0x00000000       0x3b bootloader.o
 .debug_line    0x0000003b      0x942 startup_file.o
 .debug_line    0x0000097d       0xc0 main.o
 .debug_line    0x00000a3d      0x112 pripherique_config.o
 .debug_line    0x00000b4f      0x217 button_configuration.o

.debug_info     0x00000000     0x1d26
 .debug_info    0x00000000       0x26 bootloader.o
 .debug_info    0x00000026     0x132d startup_file.o
 .debug_info    0x00001353       0xc4 main.o
 .debug_info    0x00001417      0x1cd pripherique_config.o
 .debug_info    0x000015e4      0x742 button_configuration.o

.debug_abbrev   0x00000000      0x4cf
 .debug_abbrev  0x00000000       0x14 bootloader.o
 .debug_abbrev  0x00000014      0x15b startup_file.o
 .debug_abbrev  0x0000016f       0x7a main.o
 .debug_abbrev  0x000001e9       0xf0 pripherique_config.o
 .debug_abbrev  0x000002d9      0x1f6 button_configuration.o

.debug_aranges  0x00000000      0x378
 .debug_aranges
                0x00000000       0x20 bootloader.o
 .debug_aranges
                0x00000020      0x2f8 startup_file.o
 .debug_aranges
                0x00000318       0x20 main.o
 .debug_aranges
                0x00000338       0x20 pripherique_config.o
 .debug_aranges
                0x00000358       0x20 button_configuration.o

.debug_str      0x00000000    0x9bbff
 .debug_str     0x00000000    0x9bbff bootloader.o
                                 0x37 (size before relaxing)
 .debug_str     0x0009bbff    0x9b6de startup_file.o
 .debug_str     0x0009bbff     0x38c6 main.o
 .debug_str     0x0009bbff     0x3943 pripherique_config.o
 .debug_str     0x0009bbff    0x9b664 button_configuration.o

.debug_loclists
                0x00000000       0x8c
 .debug_loclists
                0x00000000       0x63 startup_file.o
 .debug_loclists
                0x00000063       0x29 button_configuration.o

.debug_rnglists
                0x00000000      0x235
 .debug_rnglists
                0x00000000      0x235 startup_file.o

.debug_macro    0x00000000    0x1bc0a
 .debug_macro   0x00000000       0x7b startup_file.o
 .debug_macro   0x0000007b      0xac6 startup_file.o
 .debug_macro   0x00000b41      0x34e startup_file.o
 .debug_macro   0x00000e8f       0x28 startup_file.o
 .debug_macro   0x00000eb7       0x3b startup_file.o
 .debug_macro   0x00000ef2       0x50 startup_file.o
 .debug_macro   0x00000f42      0xe66 startup_file.o
 .debug_macro   0x00001da8    0x19d7b startup_file.o
 .debug_macro   0x0001bb23        0xf startup_file.o
 .debug_macro   0x0001bb32       0x36 main.o
 .debug_macro   0x0001bb68       0x23 pripherique_config.o
 .debug_macro   0x0001bb8b       0x7f button_configuration.o

.debug_frame    0x00000000      0x948
 .debug_frame   0x00000000      0x898 startup_file.o
 .debug_frame   0x00000898       0x28 main.o
 .debug_frame   0x000008c0       0x50 pripherique_config.o
 .debug_frame   0x00000910       0x38 button_configuration.o
